  　   [1038] Binary Search Tree to Greater Sum Tree                       Medium (81.79 %)
  　   [1026] Maximum Difference Between Node and Ancestor                 Medium (68.94 %)
  　   [1008] Construct Binary Search Tree from Preorder Traversal         Medium (78.69 %)
  　   [ 998] Maximum Binary Tree II                                       Medium (63.67 %)
  　   [ 988] Smallest String Starting From Leaf                           Medium (46.45 %)
  　   [ 987] Vertical Order Traversal of a Binary Tree                    Medium (37.36 %)
  　   [ 979] Distribute Coins in Binary Tree                              Medium (69.31 %)
  　   [ 971] Flip Binary Tree To Match Preorder Traversal                 Medium (46.10 %)
  　   [ 958] Check Completeness of a Binary Tree                          Medium (52.38 %)
  　   [ 951] Flip Equivalent Binary Trees                                 Medium (65.57 %)
  　   [ 919] Complete Binary Tree Inserter                                Medium (58.47 %)
  　   [ 894] All Possible Full Binary Trees                               Medium (76.72 %)
  　   [ 889] Construct Binary Tree from Preorder and Postorder Traversal  Medium (67.15 %)
  　   [ 865] Smallest Subtree with all the Deepest Nodes                  Medium (64.49 %)
  　   [ 863] All Nodes Distance K in Binary Tree                          Medium (57.19 %)
  　   [ 814] Binary Tree Pruning                                          Medium (73.08 %)
  　   [ 701] Insert into a Binary Search Tree                             Medium (75.82 %)
  　   [ 687] Longest Univalue Path                                        Medium (36.92 %)
  　   [ 684] Redundant Connection                                         Medium (58.53 %)
  　   [ 662] Maximum Width of Binary Tree                                 Medium (40.08 %)
  　   [ 655] Print Binary Tree                                            Medium (55.62 %)
  　   [ 654] Maximum Binary Tree                                          Medium (80.71 %)
  　   [ 652] Find Duplicate Subtrees                                      Medium (51.62 %)
  　   [ 623] Add One Row to Tree                                          Medium (50.19 %)
  　   [ 538] Convert BST to Greater Tree                                  Medium (56.32 %)
  　   [ 515] Find Largest Value in Each Tree Row                          Medium (61.86 %)
  　   [ 513] Find Bottom Left Tree Value                                  Medium (62.17 %)
  　   [ 508] Most Frequent Subtree Sum                                    Medium (58.78 %)
  　   [ 450] Delete Node in a BST                                         Medium (45.00 %)
  　   [ 449] Serialize and Deserialize BST                                Medium (53.64 %)
  　   [ 437] Path Sum III                                                 Medium (47.82 %)
  　   [ 429] N-ary Tree Level Order Traversal                             Medium (66.13 %)
  　   [ 337] House Robber III                                             Medium (51.60 %)
  　   [ 307] Range Sum Query - Mutable                                    Medium (36.23 %)
  　   [ 236] Lowest Common Ancestor of a Binary Tree                      Medium (47.76 %)
  　   [ 230] Kth Smallest Element in a BST                                Medium (61.87 %)
  　   [ 222] Count Complete Tree Nodes                                    Medium (48.47 %)
  　   [ 199] Binary Tree Right Side View                                  Medium (55.48 %)
  　   [ 173] Binary Search Tree Iterator                                  Medium (59.32 %)
  　   [ 145] Binary Tree Postorder Traversal                              Medium (56.73 %)
  　   [ 144] Binary Tree Preorder Traversal                               Medium (56.90 %)
  　   [ 129] Sum Root to Leaf Numbers                                     Medium (50.32 %)
  　   [ 117] Populating Next Right Pointers in Each Node II               Medium (41.46 %)
  　   [ 116] Populating Next Right Pointers in Each Node                  Medium (48.09 %)
  　   [ 114] Flatten Binary Tree to Linked List                           Medium (51.09 %)
  　   [ 113] Path Sum II                                                  Medium (48.33 %)
  　   [ 106] Construct Binary Tree from Inorder and Postorder Traversal   Medium (48.84 %)
  　   [ 105] Construct Binary Tree from Preorder and Inorder Traversal    Medium (50.84 %)
  　   [ 103] Binary Tree Zigzag Level Order Traversal                     Medium (49.54 %)
  　   [ 102] Binary Tree Level Order Traversal                            Medium (55.96 %)
  　   [ 98 ] Validate Binary Search Tree                                  Medium (28.46 %)
  　   [ 96 ] Unique Binary Search Trees                                   Medium (53.97 %)
  　   [ 95 ] Unique Binary Search Trees II                                Medium (41.84 %)
  　   [ 94 ] Binary Tree Inorder Traversal                                Medium (65.10 %)
