  　   [1028] Recover a Tree From Preorder Traversal                       Hard   (70.57 %)
  　   [ 968] Binary Tree Cameras                                          Hard   (38.34 %)
  　   [ 850] Rectangle Area II                                            Hard   (48.29 %)
  　   [ 834] Sum of Distances in Tree                                     Hard   (45.32 %)
  　   [ 732] My Calendar III                                              Hard   (61.18 %)
  　   [ 715] Range Module                                                 Hard   (39.78 %)
  　   [ 699] Falling Squares                                              Hard   (42.32 %)
  　   [ 685] Redundant Connection II                                      Hard   (32.83 %)
  　   [ 493] Reverse Pairs                                                Hard   (26.29 %)
  🔒   [ 431] Encode N-ary Tree to Binary Tree                             Hard   (74.26 %)
  🔒   [ 428] Serialize and Deserialize N-ary Tree                         Hard   (60.90 %)
  　   [ 327] Count of Range Sum                                           Hard   (35.75 %)
  　   [ 315] Count of Smaller Numbers After Self                          Hard   (42.42 %)
  🔒   [ 308] Range Sum Query 2D - Mutable                                 Hard   (36.95 %)
  　   [ 297] Serialize and Deserialize Binary Tree                        Hard   (49.09 %)
  🔒   [ 272] Closest Binary Search Tree Value II                          Hard   (51.58 %)
  　   [ 218] The Skyline Problem                                          Hard   (35.88 %)
  　   [ 124] Binary Tree Maximum Path Sum                                 Hard   (35.11 %)
  　   [ 99 ] Recover Binary Search Tree                                   Hard   (41.91 %)
