  　   [1022] Sum of Root To Leaf Binary Numbers                           Easy   (71.35 %)
  　   [ 993] Cousins in Binary Tree                                       Easy   (52.11 %)
  　   [ 965] Univalued Binary Tree                                        Easy   (67.64 %)
  　   [ 938] Range Sum of BST                                             Easy   (82.71 %)
  　   [ 897] Increasing Order Search Tree                                 Easy   (74.12 %)
  　   [ 872] Leaf-Similar Trees                                           Easy   (64.55 %)
  　   [ 783] Minimum Distance Between BST Nodes                           Easy   (53.53 %)
  　   [ 700] Search in a Binary Search Tree                               Easy   (73.29 %)
  　   [ 671] Second Minimum Node In a Binary Tree                         Easy   (42.71 %)
  　   [ 669] Trim a Binary Search Tree                                    Easy   (63.21 %)
  　   [ 653] Two Sum IV - Input is a BST                                  Easy   (56.02 %)
  　   [ 637] Average of Levels in Binary Tree                             Easy   (64.26 %)
  　   [ 617] Merge Two Binary Trees                                       Easy   (74.94 %)
  　   [ 606] Construct String from Binary Tree                            Easy   (54.90 %)
  　   [ 590] N-ary Tree Postorder Traversal                               Easy   (72.99 %)
  　   [ 589] N-ary Tree Preorder Traversal                                Easy   (72.98 %)
  　   [ 572] Subtree of Another Tree                                      Easy   (44.39 %)
  　   [ 563] Binary Tree Tilt                                             Easy   (52.45 %)
  　   [ 559] Maximum Depth of N-ary Tree                                  Easy   (69.23 %)
  　   [ 543] Diameter of Binary Tree                                      Easy   (48.94 %)
  　   [ 530] Minimum Absolute Difference in BST                           Easy   (54.46 %)
  　   [ 501] Find Mode in Binary Search Tree                              Easy   (43.06 %)
  　   [ 404] Sum of Left Leaves                                           Easy   (52.14 %)
  🔒   [ 270] Closest Binary Search Tree Value                             Easy   (49.45 %)
  　   [ 257] Binary Tree Paths                                            Easy   (52.87 %)
  　   [ 235] Lowest Common Ancestor of a Binary Search Tree               Easy   (51.14 %)
  　   [ 226] Invert Binary Tree                                           Easy   (66.35 %)
  　   [ 112] Path Sum                                                     Easy   (41.96 %)
  　   [ 111] Minimum Depth of Binary Tree                                 Easy   (39.01 %)
  　   [ 110] Balanced Binary Tree                                         Easy   (44.09 %)
  　   [ 108] Convert Sorted Array to Binary Search Tree                   Easy   (59.62 %)
  　   [ 107] Binary Tree Level Order Traversal II                         Easy   (54.62 %)
  　   [ 104] Maximum Depth of Binary Tree                                 Easy   (67.49 %)
  　   [ 101] Symmetric Tree                                               Easy   (47.71 %)
  　   [ 100] Same Tree                                                    Easy   (53.89 %)
